
🚀 Football Data API Server (Simple) เริ่มทำงานแล้ว!

🌐 API Endpoint: http://localhost:8080
📚 API Documentation: http://localhost:8080/
🏥 Health Check: http://localhost:8080/api/health
📊 Status: http://localhost:8080/api/status
🧪 Test: http://localhost:8080/api/test

⚡ Features:
   • CORS enabled - เรียกใช้จากเว็บไซต์อื่นได้
   • Auto Cache - ข้อมูลถูก cache 2 นาที
   • Pure API server
   • Real-time data extraction

📢 API Request: GET /api/data/matches/today
🔍 กำลังดึงข้อมูลแมตช์วันนี้จากเว็บไซต์จริง...
📊 กำลังดึงข้อมูลแมตช์จาก: https://football-dw3.pages.dev/program/
🚀 เริ่มต้น Puppeteer Browser สำหรับ Data Extraction...
✅ Puppeteer Browser พร้อมใช้งานสำหรับ Data Extraction
🔄 เริ่มเข้าสู่หน้าเว็บ...
✅ หน้าเว็บโหลดเสร็จแล้ว, รอให้ content โหลดเสร็จ...
🔍 เริ่มดึงข้อมูลแมตช์...
✅ Page URL: https://football-dw3.pages.dev/program/
🔄 Attempt 1/3 to extract data...
✅ ดึงข้อมูลแมตช์สำเร็จ: 409 แมตช์
🔍 ข้อมูลหลังลบซ้ำ: 409 แมตช์
🔒 ปิด Puppeteer Browser หลังดึงข้อมูล
